> Task :app:preBuild UP-TO-DATE
> Task :app:preDebugBuild UP-TO-DATE
> Task :app:mergeDebugNativeDebugMetadata NO-SOURCE
> Task :app:checkKotlinGradlePluginConfigurationErrors SKIPPED
> Task :app:checkDebugAarMetadata UP-TO-DATE
> Task :app:generateDebugResValues UP-TO-DATE
> Task :app:mapDebugSourceSetPaths UP-TO-DATE
> Task :app:generateDebugResources UP-TO-DATE
> Task :app:mergeDebugResources UP-TO-DATE
> Task :app:packageDebugResources UP-TO-DATE
> Task :app:parseDebugLocalResources UP-TO-DATE
> Task :app:createDebugCompatibleScreenManifests UP-TO-DATE
> Task :app:extractDeepLinksDebug UP-TO-DATE
> Task :app:processDebugMainManifest UP-TO-DATE
> Task :app:processDebugManifest UP-TO-DATE
> Task :app:processDebugManifestForPackage UP-TO-DATE
> Task :app:processDebugResources UP-TO-DATE
> Task :app:javaPreCompileDebug UP-TO-DATE
> Task :app:mergeDebugShaders UP-TO-DATE
> Task :app:compileDebugShaders NO-SOURCE
> Task :app:generateDebugAssets UP-TO-DATE
> Task :app:mergeDebugAssets UP-TO-DATE
> Task :app:compressDebugAssets UP-TO-DATE
> Task :app:desugarDebugFileDependencies UP-TO-DATE
> Task :app:checkDebugDuplicateClasses UP-TO-DATE
> Task :app:mergeExtDexDebug UP-TO-DATE
> Task :app:mergeLibDexDebug UP-TO-DATE
> Task :app:mergeDebugJniLibFolders UP-TO-DATE
> Task :app:mergeDebugNativeLibs NO-SOURCE
> Task :app:stripDebugDebugSymbols NO-SOURCE
> Task :app:validateSigningDebug UP-TO-DATE
> Task :app:writeDebugAppMetadata UP-TO-DATE
> Task :app:writeDebugSigningConfigVersions UP-TO-DATE
> Task :app:preReleaseBuild UP-TO-DATE
> Task :app:mergeReleaseJniLibFolders UP-TO-DATE
> Task :app:mergeReleaseNativeLibs NO-SOURCE
> Task :app:stripReleaseDebugSymbols NO-SOURCE
> Task :app:extractReleaseNativeSymbolTables NO-SOURCE
> Task :app:mergeReleaseNativeDebugMetadata NO-SOURCE
> Task :app:checkReleaseDuplicateClasses UP-TO-DATE
> Task :app:buildKotlinToolingMetadata UP-TO-DATE
> Task :app:checkReleaseAarMetadata UP-TO-DATE
> Task :app:generateReleaseResValues UP-TO-DATE
> Task :app:mapReleaseSourceSetPaths UP-TO-DATE
> Task :app:generateReleaseResources UP-TO-DATE
> Task :app:mergeReleaseResources UP-TO-DATE
> Task :app:packageReleaseResources UP-TO-DATE
> Task :app:parseReleaseLocalResources UP-TO-DATE
> Task :app:createReleaseCompatibleScreenManifests UP-TO-DATE
> Task :app:extractDeepLinksRelease UP-TO-DATE
> Task :app:processReleaseMainManifest UP-TO-DATE
> Task :app:processReleaseManifest UP-TO-DATE
> Task :app:processReleaseManifestForPackage UP-TO-DATE
> Task :app:processReleaseResources UP-TO-DATE
> Task :app:javaPreCompileRelease UP-TO-DATE
> Task :app:desugarReleaseFileDependencies UP-TO-DATE
> Task :app:mergeReleaseStartupProfile UP-TO-DATE
> Task :app:mergeExtDexRelease UP-TO-DATE
> Task :app:mergeReleaseArtProfile UP-TO-DATE
> Task :app:mergeReleaseShaders UP-TO-DATE
> Task :app:compileReleaseShaders NO-SOURCE
> Task :app:generateReleaseAssets UP-TO-DATE
> Task :app:mergeReleaseAssets UP-TO-DATE
> Task :app:compressReleaseAssets UP-TO-DATE
> Task :app:extractReleaseVersionControlInfo UP-TO-DATE
> Task :app:extractProguardFiles UP-TO-DATE
> Task :app:optimizeReleaseResources UP-TO-DATE
> Task :app:collectReleaseDependencies UP-TO-DATE
> Task :app:sdkReleaseDependencyData UP-TO-DATE
> Task :app:writeReleaseAppMetadata UP-TO-DATE
> Task :app:writeReleaseSigningConfigVersions UP-TO-DATE
> Task :app:preDebugAndroidTestBuild SKIPPED
> Task :app:generateDebugAndroidTestResValues UP-TO-DATE
> Task :app:preDebugUnitTestBuild UP-TO-DATE
> Task :app:javaPreCompileDebugUnitTest UP-TO-DATE
> Task :app:preReleaseUnitTestBuild UP-TO-DATE
> Task :app:javaPreCompileReleaseUnitTest UP-TO-DATE

> Task :app:kaptGenerateStubsReleaseKotlin FAILED
.\gradlew.bat : e: file:///C:/Users/Pongo/AndroidStudio/KasKelasApp/app/src/main/java/com/example/kaske
lasapp/AnggotaActivity.kt:106:13 Expecting a top level declaration
At line:1 char:58
+ ... nv:USERPROFILE\.jdks\jdk-21.0.2+13"; .\gradlew.bat build 2>&1 | Out-F ...
+                                          ~~~~~~~~~~~~~~~~~~~~~~~~
    + CategoryInfo          : NotSpecified: (e: file:///C:/U...vel declaration:String) [], RemoteExcep 
   tion
    + FullyQualifiedErrorId : NativeCommandError
 
w: Support for language version 2.0+ in kapt is in Alpha and must be enabled explicitly. Falling back to 1.9.
e: file:///C:/Users/Pongo/AndroidStudio/KasKelasApp/app/src/main/java/com/example/kaskelasapp/AnggotaAc
tivity.kt:106:26 Expecting a top level declaration
e: file:///C:/Users/Pongo/AndroidStudio/KasKelasApp/app/src/main/java/com/example/kaskelasapp/AnggotaAc
tivity.kt:106:27 Expecting a top level declaration
e: file:///C:/Users/Pongo/AndroidStudio/KasKelasApp/app/src/main/java/com/example/kaskelasapp/AnggotaAc
tivity.kt:106:33 Expecting a top level declaration
e: file:///C:/Users/Pongo/AndroidStudio/KasKelasApp/app/src/main/java/com/example/kaskelasapp/AnggotaAc
tivity.kt:107:9 Expecting a top level declaration
e: file:///C:/Users/Pongo/AndroidStudio/KasKelasApp/app/src/main/java/com/example/kaskelasapp/AnggotaAc
tivity.kt:108:9 Expecting a top level declaration
e: file:///C:/Users/Pongo/AndroidStudio/KasKelasApp/app/src/main/java/com/example/kaskelasapp/AnggotaAc
tivity.kt:108:24 Expecting a top level declaration
e: file:///C:/Users/Pongo/AndroidStudio/KasKelasApp/app/src/main/java/com/example/kaskelasapp/AnggotaAc
tivity.kt:108:25 Expecting a top level declaration
e: file:///C:/Users/Pongo/AndroidStudio/KasKelasApp/app/src/main/java/com/example/kaskelasapp/AnggotaAc
tivity.kt:108:33 Expecting a top level declaration
e: file:///C:/Users/Pongo/AndroidStudio/KasKelasApp/app/src/main/java/com/example/kaskelasapp/AnggotaAc
tivity.kt:108:35 Expecting a top level declaration
e: file:///C:/Users/Pongo/AndroidStudio/KasKelasApp/app/src/main/java/com/example/kaskelasapp/AnggotaAc
tivity.kt:109:5 Expecting a top level declaration
e: file:///C:/Users/Pongo/AndroidStudio/KasKelasApp/app/src/main/java/com/example/kaskelasapp/AnggotaAc
tivity.kt:110:1 Expecting a top level declaration

> Task :app:kaptGenerateStubsDebugKotlin FAILED
w: Support for language version 2.0+ in kapt is in Alpha and must be enabled explicitly. Falling back to 1.9.
e: file:///C:/Users/Pongo/AndroidStudio/KasKelasApp/app/src/main/java/com/example/kaskelasapp/AnggotaAc
tivity.kt:106:13 Expecting a top level declaration
e: file:///C:/Users/Pongo/AndroidStudio/KasKelasApp/app/src/main/java/com/example/kaskelasapp/AnggotaAc
tivity.kt:106:26 Expecting a top level declaration
e: file:///C:/Users/Pongo/AndroidStudio/KasKelasApp/app/src/main/java/com/example/kaskelasapp/AnggotaAc
tivity.kt:106:27 Expecting a top level declaration
e: file:///C:/Users/Pongo/AndroidStudio/KasKelasApp/app/src/main/java/com/example/kaskelasapp/AnggotaAc
tivity.kt:106:33 Expecting a top level declaration
e: file:///C:/Users/Pongo/AndroidStudio/KasKelasApp/app/src/main/java/com/example/kaskelasapp/AnggotaAc
tivity.kt:107:9 Expecting a top level declaration
e: file:///C:/Users/Pongo/AndroidStudio/KasKelasApp/app/src/main/java/com/example/kaskelasapp/AnggotaAc
tivity.kt:108:9 Expecting a top level declaration
e: file:///C:/Users/Pongo/AndroidStudio/KasKelasApp/app/src/main/java/com/example/kaskelasapp/AnggotaAc
tivity.kt:108:24 Expecting a top level declaration
e: file:///C:/Users/Pongo/AndroidStudio/KasKelasApp/app/src/main/java/com/example/kaskelasapp/AnggotaAc
tivity.kt:108:25 Expecting a top level declaration
e: file:///C:/Users/Pongo/AndroidStudio/KasKelasApp/app/src/main/java/com/example/kaskelasapp/AnggotaAc
tivity.kt:108:33 Expecting a top level declaration
e: file:///C:/Users/Pongo/AndroidStudio/KasKelasApp/app/src/main/java/com/example/kaskelasapp/AnggotaAc
tivity.kt:108:35 Expecting a top level declaration
e: file:///C:/Users/Pongo/AndroidStudio/KasKelasApp/app/src/main/java/com/example/kaskelasapp/AnggotaAc
tivity.kt:109:5 Expecting a top level declaration
e: file:///C:/Users/Pongo/AndroidStudio/KasKelasApp/app/src/main/java/com/example/kaskelasapp/AnggotaAc
tivity.kt:110:1 Expecting a top level declaration

FAILURE: Build completed with 2 failures.

1: Task failed with an exception.
-----------
* What went wrong:
Execution failed for task ':app:kaptGenerateStubsReleaseKotlin'.
> A failure occurred while executing 
org.jetbrains.kotlin.compilerRunner.GradleCompilerRunnerWithWorkers$GradleKotlinCompilerWorkAction
   > Compilation error. See log for more details

* Try:
> Run with --stacktrace option to get the stack trace.
> Run with --info or --debug option to get more log output.
> Run with --scan to get full insights.
> Get more help at https://help.gradle.org.
==============================================================================

2: Task failed with an exception.
-----------
* What went wrong:
Execution failed for task ':app:kaptGenerateStubsDebugKotlin'.
> A failure occurred while executing 
org.jetbrains.kotlin.compilerRunner.GradleCompilerRunnerWithWorkers$GradleKotlinCompilerWorkAction
   > Compilation error. See log for more details

* Try:
> Run with --stacktrace option to get the stack trace.
> Run with --info or --debug option to get more log output.
> Run with --scan to get full insights.
> Get more help at https://help.gradle.org.
==============================================================================

BUILD FAILED in 2s
61 actionable tasks: 2 executed, 59 up-to-date
